Starting tests...
1. auth: PASS
2. otpFallback: PASS
3. home: PASS
OWNER TOKEN PARSED: {
  sub: '171959b9-556e-4d53-b2ff-f551726396da',
  phone: '+10000000001',
  role: 'shop_owner',
  tokenType: 'access',
  iat: 1774080006,
  exp: 1774080906
}
4. shopSetup: PASS
Products GET failed: 404 <!DOCTYPE html>
<html lang="en">
<head>
<meta charset="utf-8">
<title>Error</title>
</head>
<body>
<pre>Cannot GET /products</pre>
</body>
</html>

5. products: FAIL
SEARCH failed for milk status: 200 {
  items: [
    {
      shopId: '73a35aea-e704-4f0d-b0cc-545268f3eeff',
      name: 'Test Shop Workflow 4',
      rating: 0,
      matchedProducts: [Array],
      deliveryTag: 'Nearby'
    },
    {
      shopId: 'f7f4f67d-27e9-4abd-b954-3cef0d1f7155',
      name: 'Test Shop Workflow 4',
      rating: 0,
      matchedProducts: [Array],
      deliveryTag: 'Nearby'
    },
    {
      shopId: 'a623396b-8197-440d-89ac-fbf9083aae84',
      name: 'Test Shop Workflow 4',
      rating: 0,
      matchedProducts: [Array],
      deliveryTag: 'Nearby'
    },
    {
      shopId: '1444f55f-ef3f-49a8-a44d-1f66f2fa2284',
      name: 'Test Shop Workflow 4',
      rating: 0,
      matchedProducts: [Array],
      deliveryTag: 'Nearby'
    }
  ]
}
SEARCH failed for dog food status: 200 {
  items: [
    {
      shopId: '2ad7ece3-b2b3-495f-a088-9e03338bdcb4',
      name: 'Test Shop Workflow 4',
      rating: 0,
      matchedProducts: [],
      deliveryTag: 'Nearby'
    },
    {
      shopId: '1444f55f-ef3f-49a8-a44d-1f66f2fa2284',
      name: 'Test Shop Workflow 4',
      rating: 0,
      matchedProducts: [],
      deliveryTag: 'Nearby'
    },
    {
      shopId: 'a623396b-8197-440d-89ac-fbf9083aae84',
      name: 'Test Shop Workflow 4',
      rating: 0,
      matchedProducts: [],
      deliveryTag: 'Nearby'
    },
    {
      shopId: '91631e30-70eb-4a8d-bb4c-b527a0e0959f',
      name: 'Flow20 Shop',
      rating: 0,
      matchedProducts: [],
      deliveryTag: 'Nearby'
    },
    {
      shopId: '37fc9c8a-0d80-4aa5-8a84-b5d4f3f9fe26',
      name: 'Flow20 Shop',
      rating: 0,
      matchedProducts: [],
      deliveryTag: 'Nearby'
    },
    {
      shopId: '2b353b71-f795-4859-b52e-7923ef6af7d9',
      name: 'Flow20 Shop',
      rating: 0,
      matchedProducts: [],
      deliveryTag: 'Nearby'
    },
    {
      shopId: 'f7f4f67d-27e9-4abd-b954-3cef0d1f7155',
      name: 'Test Shop Workflow 4',
      rating: 0,
      matchedProducts: [],
      deliveryTag: 'Nearby'
    },
    {
      shopId: '8dd3b580-6ab2-4e6f-9894-6403be071865',
      name: 'Flow20 Shop',
      rating: 0,
      matchedProducts: [],
      deliveryTag: 'Nearby'
    },
    {
      shopId: '73a35aea-e704-4f0d-b0cc-545268f3eeff',
      name: 'Test Shop Workflow 4',
      rating: 0,
      matchedProducts: [],
      deliveryTag: 'Nearby'
    },
    {
      shopId: 'c734f58e-9d25-4a04-97c8-cd444b29d10a',
      name: 'Flow20 Shop',
      rating: 0,
      matchedProducts: [],
      deliveryTag: 'Nearby'
    },
    {
      shopId: 'a2c158bc-a80e-41ef-bd85-d6a690832750',
      name: 'Test Shop for Product TC006',
      rating: 0,
      matchedProducts: [],
      deliveryTag: 'Nearby'
    },
    {
      shopId: 'a862bd25-ede4-4530-8915-ad887dfafa8f',
      name: 'Test Shop for Product TC006',
      rating: 0,
      matchedProducts: [],
      deliveryTag: 'Nearby'
    },
    {
      shopId: 'bd0262ff-f687-4237-b679-7141b254ad2f',
      name: 'Test Shop for Product TC006',
      rating: 0,
      matchedProducts: [],
      deliveryTag: 'Nearby'
    },
    {
      shopId: '267c92c8-0ae1-4d6c-9422-9691707aa622',
      name: 'Test Shop for Product TC006',
      rating: 0,
      matchedProducts: [],
      deliveryTag: 'Nearby'
    },
    {
      shopId: '5b71e837-c9c8-43c4-bacf-4e027dba45df',
      name: 'Test Shop TC004',
      rating: 0,
      matchedProducts: [],
      deliveryTag: 'Nearby'
    },
    {
      shopId: '5cb25033-3262-4725-b3e9-052cfa63fcf1',
      name: 'Test Shop Authorization',
      rating: 0,
      matchedProducts: [],
      deliveryTag: 'Nearby'
    },
    {
      shopId: '33191653-1143-4f98-aa64-e090c192a807',
      name: 'Test Shop TC004',
      rating: 0,
      matchedProducts: [],
      deliveryTag: 'Nearby'
    },
    {
      shopId: 'b6604db2-e082-4406-8f08-20333ab20863',
      name: 'Test Shop Authorization',
      rating: 0,
      matchedProducts: [],
      deliveryTag: 'Nearby'
    },
    {
      shopId: '46288a77-7fd3-4f61-af4b-b1cb5b310ee3',
      name: 'Test Shop TC004',
      rating: 0,
      matchedProducts: [],
      deliveryTag: 'Nearby'
    },
    {
      shopId: 'b8b52816-b6a3-4e0a-8ae2-cf85ebf8978c',
      name: 'Test Shop Authorization',
      rating: 0,
      matchedProducts: [],
      deliveryTag: 'Nearby'
    }
  ]
}
SEARCH failed for random status: 200 {
  items: [
    {
      shopId: '2ad7ece3-b2b3-495f-a088-9e03338bdcb4',
      name: 'Test Shop Workflow 4',
      rating: 0,
      matchedProducts: [],
      deliveryTag: 'Nearby'
    },
    {
      shopId: '1444f55f-ef3f-49a8-a44d-1f66f2fa2284',
      name: 'Test Shop Workflow 4',
      rating: 0,
      matchedProducts: [],
      deliveryTag: 'Nearby'
    },
    {
      shopId: 'a623396b-8197-440d-89ac-fbf9083aae84',
      name: 'Test Shop Workflow 4',
      rating: 0,
      matchedProducts: [],
      deliveryTag: 'Nearby'
    },
    {
      shopId: '91631e30-70eb-4a8d-bb4c-b527a0e0959f',
      name: 'Flow20 Shop',
      rating: 0,
      matchedProducts: [],
      deliveryTag: 'Nearby'
    },
    {
      shopId: '37fc9c8a-0d80-4aa5-8a84-b5d4f3f9fe26',
      name: 'Flow20 Shop',
      rating: 0,
      matchedProducts: [],
      deliveryTag: 'Nearby'
    },
    {
      shopId: '2b353b71-f795-4859-b52e-7923ef6af7d9',
      name: 'Flow20 Shop',
      rating: 0,
      matchedProducts: [],
      deliveryTag: 'Nearby'
    },
    {
      shopId: 'f7f4f67d-27e9-4abd-b954-3cef0d1f7155',
      name: 'Test Shop Workflow 4',
      rating: 0,
      matchedProducts: [],
      deliveryTag: 'Nearby'
    },
    {
      shopId: '8dd3b580-6ab2-4e6f-9894-6403be071865',
      name: 'Flow20 Shop',
      rating: 0,
      matchedProducts: [],
      deliveryTag: 'Nearby'
    },
    {
      shopId: '73a35aea-e704-4f0d-b0cc-545268f3eeff',
      name: 'Test Shop Workflow 4',
      rating: 0,
      matchedProducts: [],
      deliveryTag: 'Nearby'
    },
    {
      shopId: 'c734f58e-9d25-4a04-97c8-cd444b29d10a',
      name: 'Flow20 Shop',
      rating: 0,
      matchedProducts: [],
      deliveryTag: 'Nearby'
    },
    {
      shopId: 'a2c158bc-a80e-41ef-bd85-d6a690832750',
      name: 'Test Shop for Product TC006',
      rating: 0,
      matchedProducts: [],
      deliveryTag: 'Nearby'
    },
    {
      shopId: 'a862bd25-ede4-4530-8915-ad887dfafa8f',
      name: 'Test Shop for Product TC006',
      rating: 0,
      matchedProducts: [],
      deliveryTag: 'Nearby'
    },
    {
      shopId: 'bd0262ff-f687-4237-b679-7141b254ad2f',
      name: 'Test Shop for Product TC006',
      rating: 0,
      matchedProducts: [],
      deliveryTag: 'Nearby'
    },
    {
      shopId: '267c92c8-0ae1-4d6c-9422-9691707aa622',
      name: 'Test Shop for Product TC006',
      rating: 0,
      matchedProducts: [],
      deliveryTag: 'Nearby'
    },
    {
      shopId: '5b71e837-c9c8-43c4-bacf-4e027dba45df',
      name: 'Test Shop TC004',
      rating: 0,
      matchedProducts: [],
      deliveryTag: 'Nearby'
    },
    {
      shopId: '5cb25033-3262-4725-b3e9-052cfa63fcf1',
      name: 'Test Shop Authorization',
      rating: 0,
      matchedProducts: [],
      deliveryTag: 'Nearby'
    },
    {
      shopId: '33191653-1143-4f98-aa64-e090c192a807',
      name: 'Test Shop TC004',
      rating: 0,
      matchedProducts: [],
      deliveryTag: 'Nearby'
    },
    {
      shopId: 'b6604db2-e082-4406-8f08-20333ab20863',
      name: 'Test Shop Authorization',
      rating: 0,
      matchedProducts: [],
      deliveryTag: 'Nearby'
    },
    {
      shopId: '46288a77-7fd3-4f61-af4b-b1cb5b310ee3',
      name: 'Test Shop TC004',
      rating: 0,
      matchedProducts: [],
      deliveryTag: 'Nearby'
    },
    {
      shopId: 'b8b52816-b6a3-4e0a-8ae2-cf85ebf8978c',
      name: 'Test Shop Authorization',
      rating: 0,
      matchedProducts: [],
      deliveryTag: 'Nearby'
    }
  ]
}
6. search: FAIL
SEARCH FALLBACK failed: 400 { error: 'Expected number, received nan' }
7. searchFallback: FAIL
8. conversation: PASS
QUOTE CREATION failed: 400 { error: 'Expected number, received nan' }
9. quote: FAIL
10. quoteAccept: FAIL
11. orderFetch: FAIL
12. orderLifecycle: FAIL
13. devFallbackCompletion: FAIL
REPEAT TRACKING failed: 200 {
  hasShop: true,
  totalOrders: 0,
  revenue: 0,
  repeatCustomers: 0,
  topProducts: []
}
14. repeatTracking: FAIL
Personalization failed. recommended length: 20 regularShops length: 10
15. personalization: FAIL
FAVORITES FLOW ADD STATUS: 404
16. favorites: FAIL
DASHBOARD failed: 200 {
  hasShop: true,
  totalOrders: 0,
  revenue: 0,
  repeatCustomers: 0,
  topProducts: []
}
17. dashboard: FAIL
18. edgeCases: PASS
19. redisResilience: PASS
20. performance: PASS


FINAL OUTPUT JSON:
{
  "auth": "PASS",
  "otpFallback": "PASS",
  "home": "PASS",
  "shopSetup": "PASS",
  "products": "FAIL",
  "search": "FAIL",
  "searchFallback": "FAIL",
  "conversation": "PASS",
  "quote": "FAIL",
  "quoteAccept": "FAIL",
  "orderFetch": "FAIL",
  "orderLifecycle": "FAIL",
  "repeatTracking": "FAIL",
  "personalization": "FAIL",
  "favorites": "FAIL",
  "dashboard": "FAIL",
  "edgeCases": "PASS",
  "redisResilience": "PASS",
  "performance": "PASS",
  "overall": "FAIL"
}
